[aero.engin.umich.edu/index.html]
[backblue.gif]
[fade.gif]
[index.html]
[aero.engin.umich.edu/wp-content/uploads/sites/2/2021/06/home-undergrad-cta.jpg]
[aero.engin.umich.edu/feed/index.html]
[aero.engin.umich.edu/wp-content/plugins/wp-google-search/wgs29b2d.css]
[aero.engin.umich.edu/wp-content/themes/umcoecm-forty-two/assets/dist/main622c.css]
[aero.engin.umich.edu/wp-content/plugins/event-list-block/build/style-index779f.css]
[aero.engin.umich.edu/wp-content/plugins/um-coe-cm-experts/build/style-indexf6d4.css]
[aero.engin.umich.edu/wp-content/plugins/um-coe-cm-inthenews-single/build/style-indexf6d4.css]
[aero.engin.umich.edu/wp-content/plugins/um-coe-cm-inthenewslist/build/style-indexf6d4.css]
[aero.engin.umich.edu/wp-content/plugins/umich-cookie-consent/assets/umich-cookie-consent9b2d.css]
[aero.engin.umich.edu/wp-content/themes/umcoecm-forty-two/assets/dist/print622c.css]
[aero.engin.umich.edu/wp-includes/css/dashicons.min9b2d.css]
[aero.engin.umich.edu/wp-content/plugins/simple-social-icons/css/style5b75.css]
[aero.engin.umich.edu/wp-content/plugins/umich-cookie-consent/vendor/cookieconsent-3.0.6/src/cookieconsent9b2d.js]
[aero.engin.umich.edu/wp-content/plugins/umich-cookie-consent/assets/umich-cookie-consent9b2d.js]
[aero.engin.umich.edu/wp-includes/js/jquery/jquery.mina7a0.js]
[aero.engin.umich.edu/wp-includes/js/jquery/jquery-migrate.mind617.js]
[aero.engin.umich.edu/wp-content/plugins/um-coe-cm-experience-plugin/public/js/umcoecm-experience-plugin-public8a54.js]
[aero.engin.umich.edu/wp-json/wp/v2/pages/2293.json]
[aero.engin.umich.edu/wp-json/index.html]
[aero.engin.umich.edu/xmlrpc0db0.php]
[aero.engin.umich.edu/wp-json/oembed/1.0/embed5cf9.json]
[aero.engin.umich.edu/wp-json/oembed/1.0/embed30c9]
[aero.engin.umich.edu/wp-content/uploads/sites/2/2021/05/favicon1.jpg]
[aero.engin.umich.edu/wp-content/uploads/sites/2/2021/05/CoE-AERO-header.svg]
[aero.engin.umich.edu/wp-content/uploads/sites/2/2022/07/female-student-cubesat.jpg]
[aero.engin.umich.edu/alumni-friends/index.html]
[aero.engin.umich.edu/news-events/index.html]
[aero.engin.umich.edu/about/contact-us/index.html]
[aero.engin.umich.edu/wp-content/uploads/sites/2/2021/05/research-video-card-1024x682.1b.delayed]
[aero.engin.umich.edu/about/index.html]
[aero.engin.umich.edu/about/chairs-message/index.html]
[aero.engin.umich.edu/about/mission/index.html]
[aero.engin.umich.edu/wp-content/uploads/sites/2/2021/06/home-undergrad-cta-1024x735.jpg]
[aero.engin.umich.edu/about/history/index.html]
[aero.engin.umich.edu/about/facts-figures/index.html]
[aero.engin.umich.edu/wp-content/uploads/sites/2/2021/05/research-news-row-1024x683.jpg]
[aero.engin.umich.edu/about/fxb-building/index.html]
[aero.engin.umich.edu/about/department-publications/index.html]
[aero.engin.umich.edu/about/visit-us/index.html]
[aero.engin.umich.edu/about/faculty-search/index.html]
[aero.engin.umich.edu/culture/index.html]
[aero.engindepts.wpengine.com/wp-content/uploads/sites/2/2021/05/about-fxb1.jpg]
[aero.engin.umich.edu/culture/outreach-partnerships/index.html]
[aero.engin.umich.edu/culture/diversity-equity-inclusion/index.html]
[aero.engin.umich.edu/culture/diversity-equity-inclusion-resources/index.html]
[aero.engin.umich.edu/wp-content/uploads/sites/2/2022/06/MURI-Feature.jpg]
[aero.engin.umich.edu/culture/student-life/student-teams-projects/index.html]
[aero.engin.umich.edu/culture/student-life/student-organizations/index.html]
[aero.engin.umich.edu/wp-content/uploads/sites/2/2022/11/Screen-Shot-2022-11-04-at-8.03.27-AM.png]
[aero.engin.umich.edu/culture/student-life/index.html]
[aero.engin.umich.edu/wp-content/uploads/sites/2/2022/10/li-feature.jpg]
[aero.engin.umich.edu/research/index.html]
[aero.engin.umich.edu/research/research-areas/index.html]
[aero.engin.umich.edu/wp-content/uploads/sites/2/2022/10/martins-bw-feature.jpg]
[aero.engin.umich.edu/research/research-areas/aerodynamics-propulsion/index.html]
[aero.engin.umich.edu/research/research-areas/autonomous-systems-control/index.html]
[aero.engin.umich.edu/research/research-areas/computation/index.html]
[aero.engin.umich.edu/wp-content/uploads/sites/2/2022/10/McDivttEvt-feature.jpg]
[aero.engin.umich.edu/wp-content/uploads/sites/2/2022/10/debra-facktor-feature.jpg]
[aero.engin.umich.edu/research/research-areas/space-systems/index.html]
[aero.engin.umich.edu/research/research-areas/structures-materials/index.html]
[aero.engin.umich.edu/wp-content/uploads/sites/2/2022/10/waa-feature.jpg]
[aero.engin.umich.edu/research/research-areas/sustainable-aviation/index.html]
[aero.engin.umich.edu/research/shared-facilities/index.html]
[aero.engin.umich.edu/research/multidisciplinary-centers/index.html]
[aero.engin.umich.edu/wp-content/uploads/sites/2/2022/10/Word-Art-2.jpg]
[aero.engin.umich.edu/research/research-opportunities-for-students/grad-research/index.html]
[aero.engin.umich.edu/research/research-opportunities-for-students/index.html]
[aero.engin.umich.edu/research/research-opportunities-for-students/undergrad-research/index.html]
[aero.engin.umich.edu/undergraduate/program-overview/index.html]
[aero.engin.umich.edu/wp-content/uploads/sites/2/2022/06/earth.jpeg]
[aero.engin.umich.edu/undergraduate/index.html]
[aero.engin.umich.edu/undergraduate/admissions/index.html]
[aero.engin.umich.edu/undergraduate/degree-requirements/index.html]
[aero.engin.umich.edu/wp-content/uploads/sites/2/2022/03/MBSE-Lab-3.jpg]
[aero.engin.umich.edu/undergraduate/scholarships/index.html]
[aero.engin.umich.edu/undergraduate/study-abroad/index.html]
[aero.engin.umich.edu/wp-content/uploads/sites/2/2022/09/cl-feature.jpg]
[aero.engin.umich.edu/wp-content/uploads/sites/2/2021/05/home-voices-card1.jpg]
[aero.engin.umich.edu/undergraduate/co-ops-internships/index.html]
[aero.engin.umich.edu/undergraduate/current-undergraduate-students/index.html]
[aero.engin.umich.edu/wp-content/uploads/sites/2/2021/05/alumniFriends-giving-card.jpg]
[aero.engin.umich.edu/undergraduate/current-undergraduate-students/declaring/index.html]
[aero.engin.umich.edu/undergraduate/current-undergraduate-students/advising/index.html]
[aero.engin.umich.edu/wp-content/uploads/sites/2/2021/05/CoE-horiz-logo-footer.svg]
[aero.engin.umich.edu/undergraduate/current-undergraduate-students/sugs/index.html]
[aero.engin.umich.edu/undergraduate/current-undergraduate-students/undergrad-courses/index.html]
[aero.engin.umich.edu/wp-content/plugins/simple-social-icons/symbol-defs.svg]
[aero.engin.umich.edu/undergraduate/current-undergraduate-students/undergrad-awards/index.html]
[aero.engin.umich.edu/graduate/index.html]
[aero.engin.umich.edu/undergraduate/current-undergraduate-students/teaching-labs/index.html]
[aero.engin.umich.edu/wp-content/plugins/getwid/vendors/slick/slick/slick.min8162.css]
[aero.engin.umich.edu/graduate/phd/index.html]
[aero.engin.umich.edu/graduate/master-of-science-in-engineering/index.html]
[aero.engin.umich.edu/graduate/master-of-engineering/index.html]
[aero.engin.umich.edu/wp-content/plugins/getwid/vendors/slick/slick/slick-theme.min8162.css]
[aero.engin.umich.edu/graduate/admission-guidelines-planning/index.html]
[aero.engin.umich.edu/graduate/application-process/index.html]
[aero.engin.umich.edu/wp-content/plugins/getwid/vendors/fontawesome-free/css/all.mindeba.css]
[aero.engin.umich.edu/graduate/current-graduate-students/index.html]
[aero.engin.umich.edu/graduate/funding/index.html]
[aero.engin.umich.edu/wp-content/plugins/getwid/assets/blocks/section/style97e9.css]
[aero.engin.umich.edu/graduate/current-graduate-students/aero-590-projects/index.html]
[aero.engin.umich.edu/graduate/current-graduate-students/grad-courses/index.html]
[aero.engin.umich.edu/graduate/current-graduate-students/grad-awards/index.html]
[aero.engin.umich.edu/wp-content/plugins/getwid/assets/blocks/post-carousel/style97e9.css]
[aero.engin.umich.edu/people/index.html]
[aero.engin.umich.edu/role/core-faculty/index.html]
[aero.engin.umich.edu/role/faculty/index.html]
[aero.engin.umich.edu/wp-content/plugins/getwid/vendors/animate.css/animate.min3088.css]
[aero.engin.umich.edu/role/research-faculty/index.html]
[aero.engin.umich.edu/role/adjunct-faculty/index.html]
[aero.engin.umich.edu/wp-content/plugins/getwid/assets/blocks/icon-box/style97e9.css]
[aero.engin.umich.edu/role/emeritus-faculty/index.html]
[aero.engin.umich.edu/role/affiliated-faculty/index.html]
[aero.engin.umich.edu/role/staff/index.html]
[aero.engin.umich.edu/wp-content/plugins/getwid/assets/blocks/common.style97e9.css]
[aero.engin.umich.edu/2022/06/20/raman-awarded-dod-muri-funding-for-detonations-research/index.html]
[aero.engin.umich.edu/2022/11/04/aisha-bowe-goes-to-space/index.html]
[aero.engin.umich.edu/wp-content/plugins/wp-google-search/assets/js/google_cse_v268b3.js]
[aero.engin.umich.edu/2022/10/24/li-awarded-best-dissertation-paper-prize/index.html]
[aero.engin.umich.edu/2022/10/24/ceremony-and-lecture-honoring-joaquim-r-r-a-martins-as-the-pauline-m-sherman-collegiate-professor/index.html]
[aero.engin.umich.edu/2022/10/20/mourning-a-legend-in-space-exploration/index.html]
[aero.engin.umich.edu/wp-content/plugins/instant-page/instantpaged96d.js]
[aero.engin.umich.edu/2022/10/10/debra-facktor-wants-you-to-go-to-football-games-and-always-be-learning/index.html]
[aero.engin.umich.edu/2022/10/07/waa-ts-coming-up/index.html]
[aero.engin.umich.edu/2022/10/06/albrecht-on-overcoming-obstacles-hands-on-experience-and-why-she-gives-back-to-aero/index.html]
[aero.engin.umich.edu/wp-content/themes/genesis/lib/js/skip-links.min46df.js]
[aero.engin.umich.edu/2022/10/06/application-open-for-new-online-master-of-engineering-in-global-aerospace-leadership/index.html]
[aero.engin.umich.edu/2022/09/30/belcan-joins-mbse-lab-ecosystem/index.html]
[aero.engin.umich.edu/wp-content/themes/umcoecm-forty-two/assets/dist/main622c.js]
[aero.engin.umich.edu/2022/09/26/welcome-chris-limbach-to-michigan-aerospace-faculty/index.html]
[aero.engin.umich.edu/alumni-friends/giving/index.html]
[aero.engin.umich.edu/alumni-friends/stay-connected/index.html]
[aero.engin.umich.edu/search_gcse/index.html]
[aero.engin.umich.edu/covid-19-updates/index.html]
[umich.edu/apis/umalerts/umalerts5152.js]
[aero.engin.umich.edu/wp-content/themes/genesis/lib/js/menu/responsive-menus.minc358.js]
[aero.engin.umich.edu/wp-includes/js/imagesloaded.mineda1.js]
[aero.engin.umich.edu/wp-content/plugins/getwid/assets/blocks/section/frontend97e9.js]
[aero.engin.umich.edu/wp-content/plugins/getwid/vendors/slick/slick/slick.min8162.js]
[aero.engin.umich.edu/wp-content/plugins/getwid/assets/blocks/post-carousel/frontend97e9.js]
[aero.engin.umich.edu/index.html]
[aero.engin.umich.edu/wp-content/plugins/wp-google-search/wgs29b2d.css]
[aero.engin.umich.edu/wp-content/plugins/wp-google-search/wgs39b2d.css]
[aero.engin.umich.edu/wp-content/themes/umcoecm-forty-two/assets/dist/main622c.css]
[aero.engin.umich.edu/wp-content/plugins/event-list-block/build/style-index779f.css]
[aero.engin.umich.edu/wp-content/plugins/um-coe-cm-experts/build/style-indexf6d4.css]
[aero.engin.umich.edu/wp-content/plugins/um-coe-cm-inthenews-single/build/style-indexf6d4.css]
[aero.engin.umich.edu/wp-content/plugins/um-coe-cm-inthenewslist/build/style-indexf6d4.css]
[aero.engin.umich.edu/wp-content/plugins/getwid/assets/blocks/icon-box/frontend97e9.js]
[aero.engin.umich.edu/wp-content/plugins/umich-cookie-consent/vendor/cookieconsent-3.0.6/src/styles/animation.css]
[aero.engin.umich.edu/wp-content/plugins/umich-cookie-consent/vendor/cookieconsent-3.0.6/src/styles/base.css]
[aero.engin.umich.edu/wp-content/plugins/umich-cookie-consent/vendor/cookieconsent-3.0.6/src/styles/layout.css]
[aero.engin.umich.edu/wp-content/plugins/umich-cookie-consent/vendor/cookieconsent-3.0.6/src/styles/media.css]
[aero.engin.umich.edu/wp-content/plugins/umich-cookie-consent/assets/umich-cookie-consent9b2d.css]
[aero.engin.umich.edu/wp-content/plugins/um-coe-cm-experience-plugin/public/css/umcoecm-experience-plugin-public8a54.css]
[aero.engin.umich.edu/wp-content/themes/umcoecm-forty-two/assets/dist/print622c.css]
[aero.engin.umich.edu/wp-content/plugins/umich-cookie-consent/vendor/cookieconsent-3.0.6/src/styles/themes/classic.css]
[aero.engin.umich.edu/wp-includes/fonts/dashicons7d4b.eot]
[aero.engin.umich.edu/wp-includes/fonts/dashicons7d4b.ttf]
[aero.engin.umich.edu/wp-includes/css/dashicons.min9b2d.css]
[aero.engin.umich.edu/wp-content/plugins/simple-social-icons/css/style5b75.css]
[aero.engin.umich.edu/xmlrpc.php]
[www.googletagmanager.com/gtm5445.html]
[aero.engin.umich.edu/wp-content/uploads/sites/2/2021/05/CoE-AERO-header.svg]
[aero.engin.umich.edu/wp-content/uploads/sites/2/2022/05/8453370389_569b2e19fb_k.jpg]
[aero.engin.umich.edu/wp-json/wp/v2/pages/223.json]
[aero.engin.umich.edu/wp-json/oembed/1.0/embedd2f4.json]
[aero.engin.umich.edu/wp-json/oembed/1.0/embed8e73]
[aero.engin.umich.edu/wp-content/uploads/sites/2/2022/10/li-feature-1024x298.jpg]
[aero.engin.umich.edu/wp-content/uploads/sites/2/2022/10/martins-bw-feature-1024x298.jpg]
[aero.engin.umich.edu/2022/06/07/new-online-masters-degree-combines-aerospace-engineering-business-and-leadership/index.html]
[aero.engin.umich.edu/wp-content/uploads/sites/2/2022/10/McDivttEvt-feature-1024x298.jpg]
[aero.engin.umich.edu/wp-content/uploads/sites/2/2022/10/debra-facktor-feature-1024x303.jpg]
[aero.engin.umich.edu/wp-content/uploads/sites/2/2022/10/waa-feature-1024x303.jpg]
[aero.engin.umich.edu/wp-content/uploads/sites/2/2021/05/research-video-card.jpg]
[aero.engin.umich.edu/category/aerospace-engineering/index.html]
[aero.engin.umich.edu/wp-content/plugins/getwid/assets/blocks/recent-posts/style97e9.css]
[aero.engin.umich.edu/news-events/index.html]
[aero.engin.umich.edu/category/culture/index.html]
[aero.engin.umich.edu/news-events/in-the-news/index.html]
[aero.engin.umich.edu/category/research/index.html]
[aero.engin.umich.edu/category/students/index.html]
[aero.engin.umich.edu/wp-content/uploads/sites/2/2021/05/alumni-sydney-video-card.jpg]
[aero.engin.umich.edu/wp-json/wp/v2/pages/222.json]
[aero.engin.umich.edu/wp-json/oembed/1.0/embed0509.json]
[aero.engin.umich.edu/wp-json/oembed/1.0/embed1b0c]
[aero.engin.umich.edu/wp-content/uploads/sites/2/2021/05/alumni-header.jpg]
[aero.engin.umich.edu/wp-content/uploads/sites/2/2021/05/research-grad-card.jpg]
[aero.engin.umich.edu/2022/09/23/michigan-aerospace-welcomes-new-members-to-the-industry-advisory-board/index.html]
[aero.engin.umich.edu/wp-content/uploads/sites/2/2022/09/IAB-group-feature.jpg]
[aero.engin.umich.edu/wp-content/uploads/sites/2/2022/07/RegentsPre1145-scaled-1.jpg]
[aero.engin.umich.edu/2022/07/20/space-startup-success-in-the-upper-peninsula/index.html]
[aero.engin.umich.edu/wp-content/uploads/sites/2/2022/06/Kortes-feature.jpg]
[aero.engin.umich.edu/2022/06/29/trudy-kortes-on-the-power-of-public-speaking-space-technology-and-a-long-commute￼/index.html]
[aero.engin.umich.edu/2022/04/21/a-glimpse-behind-the-curtain-at-nasa-with-mike-hess/index.html]
[aero.engin.umich.edu/wp-content/uploads/sites/2/2022/04/IMG_2022-04-20_15-46-49.jpeg.jpg]
[aero.engin.umich.edu/wp-content/uploads/sites/2/2022/03/20220306_123723-1-scaled.jpg]
[aero.engin.umich.edu/wp-content/uploads/sites/2/2021/12/24146056577_ebf9a6430f_k.jpg]
[aero.engin.umich.edu/2022/03/10/two-aero-alums-featured-in-smithsonian-exhibit-celebrating-women-in-stem/index.html]
[aero.engin.umich.edu/wp-content/uploads/sites/2/2021/05/alumniFriends-giving-card-1024x576.jpg]
[aero.engin.umich.edu/2021/12/01/it-makes-me-proud-to-be-a-michigan-engineer-reflections-from-a-recent-aero-grad/index.html]
[aero.engin.umich.edu/alumni-friends/index.html]
[aero.engin.umich.edu/wp-content/plugins/getwid/assets/blocks/button-group/style97e9.css]
[aero.engin.umich.edu/wp-content/uploads/sites/2/2021/05/media_contact.jpg]
[aero.engin.umich.edu/wp-json/wp/v2/pages/34.json]
[aero.engin.umich.edu/wp-json/oembed/1.0/embed72ba.json]
[aero.engin.umich.edu/wp-json/oembed/1.0/embed151c]
[aero.engindepts.wpengine.com/wp-content/uploads/sites/2/2021/05/Texture-scaled.jpg]
[aero.engin.umich.edu/wp-content/uploads/sites/2/2021/05/about-fxb1-1024x576.jpg]
[aero.engin.umich.edu/wp-content/uploads/sites/2/2021/05/media_contact-1024x576.jpg]
[aero.engin.umich.edu/about/seminar-series-ae-585/index.html]
[aero.engin.umich.edu/about/contact-us/index.html]
[aero.engin.umich.edu/wp-content/plugins/gutenberg/build/block-library/blocks/navigation/view.minc2cd.js]
[aero.engin.umich.edu/wp-content/uploads/sites/2/2021/05/about-header.jpg]
[aero.engin.umich.edu/wp-json/wp/v2/pages/17.json]
[aero.engin.umich.edu/wp-json/oembed/1.0/embedbd0a.json]
[aero.engin.umich.edu/wp-json/oembed/1.0/embed9dde]
[aero.engin.umich.edu/wp-content/uploads/sites/2/2021/05/aero1General-featured.jpg]
[aero.engin.umich.edu/careers/index.html]
[aero.engin.umich.edu/wp-content/uploads/sites/2/2021/05/research-dynamics-card-1024x576.jpg]
[aero.engin.umich.edu/about/index.html]
[aero.engin.umich.edu/wp-content/uploads/sites/2/2021/06/michiganAerospace-thumbnail.jpg]
[aero.engin.umich.edu/wp-json/wp/v2/pages/171.json]
[aero.engin.umich.edu/wp-json/oembed/1.0/embedc7ac.json]
[aero.engin.umich.edu/wp-json/oembed/1.0/embeda0b3]
[aero.engin.umich.edu/wp-content/uploads/sites/2/2021/04/a-waas-portrait.jpg]
[aero.engin.umich.edu/wp-content/uploads/sites/2/2021/05/culture-header.jpg]
[aero.engin.umich.edu/wp-content/plugins/getwid/assets/blocks/accordion/style97e9.css]
[aero.engin.umich.edu/wp-includes/js/jquery/ui/core.min3f14.js]
[aero.engin.umich.edu/wp-includes/js/jquery/ui/accordion.min3f14.js]
[aero.engin.umich.edu/about/chairs-message/index.html]
[aero.engin.umich.edu/wp-content/plugins/getwid/assets/blocks/accordion/frontend97e9.js]
[aero.engin.umich.edu/wp-json/wp/v2/pages/23.json]
[aero.engin.umich.edu/wp-json/oembed/1.0/embedb6d1.json]
[aero.engin.umich.edu/wp-json/oembed/1.0/embeddeb1]
[aero.engin.umich.edu/wp-content/uploads/sites/2/2021/05/research-space-card-1024x576.jpg]
[aero.engin.umich.edu/about/mission/index.html]
[aero.engin.umich.edu/wp-content/uploads/sites/2/2021/05/about-history-card.html]
[aero.engin.umich.edu/about/history/index.html]
[aero.engin.umich.edu/about/facts-figures/index.html]
[aero.engin.umich.edu/about/fxb-building/index.html]
[aero.engin.umich.edu/about/department-publications/index.html]
[aero.engin.umich.edu/about/visit-us/index.html]
[aero.engin.umich.edu/about/faculty-search/index.html]
[aero.engin.umich.edu/culture/index.html]
[aero.engin.umich.edu/culture/diversity-equity-inclusion/index.html]
[aero.engin.umich.edu/culture/diversity-equity-inclusion-resources/index.html]
[aero.engin.umich.edu/culture/outreach-partnerships/index.html]
[aero.engin.umich.edu/culture/student-life/index.html]
[aero.engin.umich.edu/culture/student-life/student-teams-projects/index.html]
[aero.engin.umich.edu/culture/student-life/student-organizations/index.html]
[aero.engin.umich.edu/research/index.html]
[aero.engin.umich.edu/research/research-areas/index.html]
[aero.engin.umich.edu/research/research-areas/aerodynamics-propulsion/index.html]
[aero.engin.umich.edu/research/research-areas/autonomous-systems-control/index.html]
[aero.engin.umich.edu/research/research-areas/computation/index.html]
[aero.engin.umich.edu/research/research-areas/space-systems/index.html]
[aero.engin.umich.edu/research/research-areas/structures-materials/index.html]
[aero.engin.umich.edu/research/research-areas/sustainable-aviation/index.html]
[aero.engin.umich.edu/research/shared-facilities/index.html]
[aero.engin.umich.edu/research/multidisciplinary-centers/index.html]
[aero.engin.umich.edu/research/research-opportunities-for-students/index.html]
[aero.engin.umich.edu/research/research-opportunities-for-students/grad-research/index.html]
[aero.engin.umich.edu/research/research-opportunities-for-students/undergrad-research/index.html]
[aero.engin.umich.edu/undergraduate/index.html]
[aero.engin.umich.edu/undergraduate/program-overview/index.html]
[aero.engin.umich.edu/undergraduate/admissions/index.html]
[aero.engin.umich.edu/undergraduate/degree-requirements/index.html]
[aero.engin.umich.edu/undergraduate/scholarships/index.html]
[aero.engin.umich.edu/undergraduate/study-abroad/index.html]
[aero.engin.umich.edu/undergraduate/co-ops-internships/index.html]
[aero.engin.umich.edu/undergraduate/current-undergraduate-students/index.html]
[aero.engin.umich.edu/undergraduate/current-undergraduate-students/declaring/index.html]
[aero.engin.umich.edu/undergraduate/current-undergraduate-students/advising/index.html]
[aero.engin.umich.edu/undergraduate/current-undergraduate-students/sugs/index.html]
[aero.engin.umich.edu/undergraduate/current-undergraduate-students/undergrad-courses/index.html]
[aero.engin.umich.edu/undergraduate/current-undergraduate-students/teaching-labs/index.html]
[aero.engin.umich.edu/undergraduate/current-undergraduate-students/undergrad-awards/index.html]
[aero.engin.umich.edu/graduate/index.html]
[aero.engin.umich.edu/graduate/master-of-science-in-engineering/index.html]
[aero.engin.umich.edu/graduate/master-of-engineering/index.html]
[aero.engin.umich.edu/graduate/phd/index.html]
[aero.engin.umich.edu/graduate/admission-guidelines-planning/index.html]
[aero.engin.umich.edu/graduate/application-process/index.html]
[aero.engin.umich.edu/graduate/funding/index.html]
[aero.engin.umich.edu/graduate/current-graduate-students/index.html]
[aero.engin.umich.edu/graduate/current-graduate-students/grad-courses/index.html]
[aero.engin.umich.edu/graduate/current-graduate-students/aero-590-projects/index.html]
[aero.engin.umich.edu/graduate/current-graduate-students/grad-awards/index.html]
[aero.engin.umich.edu/people/index.html]
[aero.engin.umich.edu/role/faculty/index.html]
[aero.engin.umich.edu/role/core-faculty/index.html]
[aero.engin.umich.edu/role/research-faculty/index.html]
[aero.engin.umich.edu/role/adjunct-faculty/index.html]
[aero.engin.umich.edu/role/emeritus-faculty/index.html]
[aero.engin.umich.edu/role/affiliated-faculty/index.html]
[aero.engin.umich.edu/role/staff/index.html]
[aero.engin.umich.edu/2022/06/20/raman-awarded-dod-muri-funding-for-detonations-research/index.html]
[aero.engin.umich.edu/2022/11/04/aisha-bowe-goes-to-space/index.html]
[aero.engin.umich.edu/2022/10/24/li-awarded-best-dissertation-paper-prize/index.html]
[aero.engin.umich.edu/2022/10/24/ceremony-and-lecture-honoring-joaquim-r-r-a-martins-as-the-pauline-m-sherman-collegiate-professor/index.html]
[aero.engin.umich.edu/2022/10/20/mourning-a-legend-in-space-exploration/index.html]
